󰇮 Mail (0)
────────────────────────────────────
▌ 󰇮 mail                   09:00  ⬤1
                                    
󰖣 WhatsApp (0)
────────────────────────────────────
sin pendientes
󰘨 Matrix (0)
────────────────────────────────────
sin pendientes
────────────────────────────────────
↵ leer  r responder  m leído  ? ayu…