borrador guardado
󰇮 Mail (0)
────────────────────────────────────
  ▾ (sin nombre)           09:00  ⬤1
  ▌ 󰇮 mail                 09:00  ⬤1
                                    
󰖣 WhatsApp (0)
────────────────────────────────────
sin no leídos
󰘨 Matrix (0)
────────────────────────────────────
sin no leídos
────────────────────────────────────
q salir · ↵ abrir · ? ayuda