[1mRe: Status update[0m
  Bob · 08:00 · Status update
▶ From: Alice <]8;;mailto:alice@example.com\alice@example.com]8;;\>
  To: Bob
  Date: 26-09-2026 09:00

Gracias por el reporte, lo reviso hoy.

j/k mover · Enter expandir/colapsar · r responder · R responder a todo
s · f reenviar · Esc volver