[38;2;36;211;102m󰖣[0m [1mAlice[0m
[38;2;163;160;158men línea[0m
[38;2;163;160;158m──────────────────────────────────────────────────────────────[0m
                            [38;2;207;207;207;48;2;51;51;51m hoy [0m                             
[1;38;2;152;195;121;48;2;38;38;38mAlice                                         [0m
[38;2;230;230;230;48;2;38;38;38mhola, ¿cómo vas?                              [0m
[38;2;163;160;158;48;2;38;38;38m                                         09:42[0m
                [38;2;245;245;245;48;2;0;92;75mtodo bien, gracias                            [0m
                [38;2;163;160;158;48;2;0;92;75m                                         10:42[0m

[38;2;163;160;158m╭────────────────────────────────────────────────────────────╮[0m
[38;2;163;160;158m│[0m [7mE[0mscribe un mensaje…                                        [38;2;163;160;158m│[0m
[38;2;163;160;158m╰────────────────────────────────────────────────────────────╯[0m
↵ enviar · Alt+↵ nueva línea · Esc volver · F1 ayuda