[1mComandos[0m
> ▏
────────────────────────────────────────────────────────────────
[1;38;2;245;245;245;48;2;27;42;60m▸ Nuevo mensaje                                                n[0m
  Buscar contacto                                              @
  Buscar / filtrar                                             /
  Refrescar                                                    g
  Ir a Mail                                                    1
  Ir a WhatsApp                                                2
  Ir a Matrix                                                  3
  Marcar leído                                                 m
  Responder                                                    r
  Ayuda                                                        ?
  Salir                                                        q
[38;2;163;160;158m  Llamar · esta conexión no permite llamadas                   c[0m
[38;2;163;160;158m  Ir a Todo · ya estás aquí                                    0[0m
[38;2;163;160;158m  Unirse a la próxima reunión · no hay reuniones próximas      J[0m
[38;2;163;160;158m  Recorrer pendientes · no hay pendientes                      p[0m
[38;2;163;160;158m  Marcar pendiente hecho · la conexión no lo permite           D[0m
[38;2;163;160;158m  Deshacer pendiente hecho · nada que deshacer                 U[0m
[38;2;163;160;158m  Deshacer leído · nada que deshacer                           u[0m
[38;2;163;160;158mRecientes[0m
  󰖣 Equipo de producto y diseño
  󰘨 Soporte
[38;2;163;160;158m↵ ejecutar · ↑/↓ elegir · @ contacto · Esc cerrar[0m