󰇮 Mail (0)
────────────────────────────────────────────────────────────────────────────────────────────────────
sin no leídos
󰖣 WhatsApp (0)
────────────────────────────────────────────────────────────────────────────────────────────────────
sin no leídos
󰘨 Matrix (0)
────────────────────────────────────────────────────────────────────────────────────────────────────
▌ 󰘨 matrix                                                                                 09:05  ⬤1
                                                                                                    
────────────────────────────────────────────────────────────────────────────────────────────────────
q salir · ↵ abrir · n nuevo · r responder · m leído · / filtrar · u deshacer · g refrescar · ? ayuda