󰇮 Mail (0)
────────────────────────────────────
  ▾ (sin nombre)           09:00  ⬤1
  ▌ 󰇮 mail                 09:00  ⬤1
                                    
󰖣 WhatsApp (0)
────────────────────────────────────
sin pendientes
󰘨 Matrix (0)
────────────────────────────────────
sin pendientes
────────────────────────────────────
q salir · ↵ abrir · ? ayuda