󰇮 Mail (0)
────────────────────────────────────────────────────────────────────────────────────────────────────
sin pendientes
󰖣 WhatsApp (0)
────────────────────────────────────────────────────────────────────────────────────────────────────
sin pendientes
󰘨 Matrix (0)
────────────────────────────────────────────────────────────────────────────────────────────────────
▌ 󰘨 matrix                                                                                 09:05  ⬤1
                                                                                                    
────────────────────────────────────────────────────────────────────────────────────────────────────
q salir · ↵ abrir · n nuevo · r responder · m leído · u deshacer · g refrescar · ? ayuda